  Determining projects to restore...
E:\5TB Drive backup\Announcement Bot Core\Announcement Bot Core.csproj : warning NU1510: PackageReference System.Diagnostics.DiagnosticSource will not be pruned. Consider removing this package from your dependencies, as it is likely unnecessary. [E:\5TB Drive backup\Announcement Bot Core\Announcement Bot Core.sln]
E:\5TB Drive backup\Announcement Bot Core\Announcement Bot Core.csproj : warning NU1510: PackageReference System.Runtime.CompilerServices.Unsafe will not be pruned. Consider removing this package from your dependencies, as it is likely unnecessary. [E:\5TB Drive backup\Announcement Bot Core\Announcement Bot Core.sln]
E:\5TB Drive backup\Announcement Bot Core\Announcement Bot Core.csproj : warning NU1510: PackageReference System.Runtime.InteropServices will not be pruned. Consider removing this package from your dependencies, as it is likely unnecessary. [E:\5TB Drive backup\Announcement Bot Core\Announcement Bot Core.sln]
E:\5TB Drive backup\Announcement Bot Core\Announcement Bot Core.csproj : warning NU1510: PackageReference System.Runtime.InteropServices.RuntimeInformation will not be pruned. Consider removing this package from your dependencies, as it is likely unnecessary. [E:\5TB Drive backup\Announcement Bot Core\Announcement Bot Core.sln]
E:\5TB Drive backup\Announcement Bot Core\Announcement Bot Core.csproj : warning NU1701: Package 'Microsoft.Bcl 1.0.16-rc' was restored using '.NETFramework,Version=v4.6.1, .NETFramework,Version=v4.6.2, .NETFramework,Version=v4.7, .NETFramework,Version=v4.7.1, .NETFramework,Version=v4.7.2, .NETFramework,Version=v4.8, .NETFramework,Version=v4.8.1' instead of the project target framework 'net10.0'. This package may not be fully compatible with your project. [E:\5TB Drive backup\Announcement Bot Core\Announcement Bot Core.sln]
E:\5TB Drive backup\Announcement Bot Core\Announcement Bot Core.csproj : warning NU1701: Package 'Microsoft.Net.Http 2.1.3-beta' was restored using '.NETFramework,Version=v4.6.1, .NETFramework,Version=v4.6.2, .NETFramework,Version=v4.7, .NETFramework,Version=v4.7.1, .NETFramework,Version=v4.7.2, .NETFramework,Version=v4.8, .NETFramework,Version=v4.8.1' instead of the project target framework 'net10.0'. This package may not be fully compatible with your project. [E:\5TB Drive backup\Announcement Bot Core\Announcement Bot Core.sln]
E:\5TB Drive backup\Announcement Bot Core\Announcement Bot Core.csproj : warning NU1701: Package 'Unirest-Net 1.0.0-beta' was restored using '.NETFramework,Version=v4.6.1, .NETFramework,Version=v4.6.2, .NETFramework,Version=v4.7, .NETFramework,Version=v4.7.1, .NETFramework,Version=v4.7.2, .NETFramework,Version=v4.8, .NETFramework,Version=v4.8.1' instead of the project target framework 'net10.0'. This package may not be fully compatible with your project. [E:\5TB Drive backup\Announcement Bot Core\Announcement Bot Core.sln]
  All projects are up-to-date for restore.
C:\Program Files\dotnet\sdk\10.0.100-preview.5.25277.114\Sdks\Microsoft.NET.Sdk\targets\Microsoft.NET.RuntimeIdentifierInference.targets(326,5): message NETSDK1057: You are using a preview version of .NET. See: https://aka.ms/dotnet-support-policy [E:\5TB Drive backup\Announcement Bot Core\Announcement Bot Core.csproj]
E:\5TB Drive backup\Announcement Bot Core\Announcement Bot Core.csproj : warning NU1510: PackageReference System.Diagnostics.DiagnosticSource will not be pruned. Consider removing this package from your dependencies, as it is likely unnecessary.
E:\5TB Drive backup\Announcement Bot Core\Announcement Bot Core.csproj : warning NU1510: PackageReference System.Runtime.CompilerServices.Unsafe will not be pruned. Consider removing this package from your dependencies, as it is likely unnecessary.
E:\5TB Drive backup\Announcement Bot Core\Announcement Bot Core.csproj : warning NU1510: PackageReference System.Runtime.InteropServices will not be pruned. Consider removing this package from your dependencies, as it is likely unnecessary.
E:\5TB Drive backup\Announcement Bot Core\Announcement Bot Core.csproj : warning NU1510: PackageReference System.Runtime.InteropServices.RuntimeInformation will not be pruned. Consider removing this package from your dependencies, as it is likely unnecessary.
E:\5TB Drive backup\Announcement Bot Core\Announcement Bot Core.csproj : warning NU1701: Package 'Microsoft.Bcl 1.0.16-rc' was restored using '.NETFramework,Version=v4.6.1, .NETFramework,Version=v4.6.2, .NETFramework,Version=v4.7, .NETFramework,Version=v4.7.1, .NETFramework,Version=v4.7.2, .NETFramework,Version=v4.8, .NETFramework,Version=v4.8.1' instead of the project target framework 'net10.0'. This package may not be fully compatible with your project.
E:\5TB Drive backup\Announcement Bot Core\Announcement Bot Core.csproj : warning NU1701: Package 'Microsoft.Net.Http 2.1.3-beta' was restored using '.NETFramework,Version=v4.6.1, .NETFramework,Version=v4.6.2, .NETFramework,Version=v4.7, .NETFramework,Version=v4.7.1, .NETFramework,Version=v4.7.2, .NETFramework,Version=v4.8, .NETFramework,Version=v4.8.1' instead of the project target framework 'net10.0'. This package may not be fully compatible with your project.
E:\5TB Drive backup\Announcement Bot Core\Announcement Bot Core.csproj : warning NU1701: Package 'Unirest-Net 1.0.0-beta' was restored using '.NETFramework,Version=v4.6.1, .NETFramework,Version=v4.6.2, .NETFramework,Version=v4.7, .NETFramework,Version=v4.7.1, .NETFramework,Version=v4.7.2, .NETFramework,Version=v4.8, .NETFramework,Version=v4.8.1' instead of the project target framework 'net10.0'. This package may not be fully compatible with your project.
E:\5TB Drive backup\Announcement Bot Core\UndocumentedCommands.cs(139,33): warning CS8602: Dereference of a possibly null reference. [E:\5TB Drive backup\Announcement Bot Core\Announcement Bot Core.csproj]
E:\5TB Drive backup\Announcement Bot Core\UndocumentedCommands.cs(168,35): warning CS8600: Converting null literal or possible null value to non-nullable type. [E:\5TB Drive backup\Announcement Bot Core\Announcement Bot Core.csproj]
E:\5TB Drive backup\Announcement Bot Core\UndocumentedCommands.cs(117,20): warning CS0168: The variable 'buildCmd' is declared but never used [E:\5TB Drive backup\Announcement Bot Core\Announcement Bot Core.csproj]
C:\Program Files\dotnet\sdk\10.0.100-preview.5.25277.114\Microsoft.Common.CurrentVersion.targets(5382,5): warning MSB3026: Could not copy "E:\5TB Drive backup\Announcement Bot Core\obj\Release\net10.0\apphost.exe" to "bin\Release\net10.0\Announcement Bot Core.exe". Beginning retry 1 in 1000ms. The process cannot access the file 'E:\5TB Drive backup\Announcement Bot Core\bin\Release\net10.0\Announcement Bot Core.exe' because it is being used by another process. The file is locked by: "Announcement Bot Core (20072)" [E:\5TB Drive backup\Announcement Bot Core\Announcement Bot Core.csproj]
C:\Program Files\dotnet\sdk\10.0.100-preview.5.25277.114\Microsoft.Common.CurrentVersion.targets(5382,5): warning MSB3026: Could not copy "E:\5TB Drive backup\Announcement Bot Core\obj\Release\net10.0\apphost.exe" to "bin\Release\net10.0\Announcement Bot Core.exe". Beginning retry 2 in 1000ms. The process cannot access the file 'E:\5TB Drive backup\Announcement Bot Core\bin\Release\net10.0\Announcement Bot Core.exe' because it is being used by another process. The file is locked by: "Announcement Bot Core (20072)" [E:\5TB Drive backup\Announcement Bot Core\Announcement Bot Core.csproj]
C:\Program Files\dotnet\sdk\10.0.100-preview.5.25277.114\Microsoft.Common.CurrentVersion.targets(5382,5): warning MSB3026: Could not copy "E:\5TB Drive backup\Announcement Bot Core\obj\Release\net10.0\apphost.exe" to "bin\Release\net10.0\Announcement Bot Core.exe". Beginning retry 3 in 1000ms. The process cannot access the file 'E:\5TB Drive backup\Announcement Bot Core\bin\Release\net10.0\Announcement Bot Core.exe' because it is being used by another process. The file is locked by: "Announcement Bot Core (20072)" [E:\5TB Drive backup\Announcement Bot Core\Announcement Bot Core.csproj]
C:\Program Files\dotnet\sdk\10.0.100-preview.5.25277.114\Microsoft.Common.CurrentVersion.targets(5382,5): warning MSB3026: Could not copy "E:\5TB Drive backup\Announcement Bot Core\obj\Release\net10.0\apphost.exe" to "bin\Release\net10.0\Announcement Bot Core.exe". Beginning retry 4 in 1000ms. The process cannot access the file 'E:\5TB Drive backup\Announcement Bot Core\bin\Release\net10.0\Announcement Bot Core.exe' because it is being used by another process. The file is locked by: "Announcement Bot Core (20072)" [E:\5TB Drive backup\Announcement Bot Core\Announcement Bot Core.csproj]
C:\Program Files\dotnet\sdk\10.0.100-preview.5.25277.114\Microsoft.Common.CurrentVersion.targets(5382,5): warning MSB3026: Could not copy "E:\5TB Drive backup\Announcement Bot Core\obj\Release\net10.0\apphost.exe" to "bin\Release\net10.0\Announcement Bot Core.exe". Beginning retry 5 in 1000ms. The process cannot access the file 'E:\5TB Drive backup\Announcement Bot Core\bin\Release\net10.0\Announcement Bot Core.exe' because it is being used by another process. The file is locked by: "Announcement Bot Core (20072)" [E:\5TB Drive backup\Announcement Bot Core\Announcement Bot Core.csproj]
C:\Program Files\dotnet\sdk\10.0.100-preview.5.25277.114\Microsoft.Common.CurrentVersion.targets(5382,5): warning MSB3026: Could not copy "E:\5TB Drive backup\Announcement Bot Core\obj\Release\net10.0\apphost.exe" to "bin\Release\net10.0\Announcement Bot Core.exe". Beginning retry 6 in 1000ms. The process cannot access the file 'E:\5TB Drive backup\Announcement Bot Core\bin\Release\net10.0\Announcement Bot Core.exe' because it is being used by another process. The file is locked by: "Announcement Bot Core (20072)" [E:\5TB Drive backup\Announcement Bot Core\Announcement Bot Core.csproj]
C:\Program Files\dotnet\sdk\10.0.100-preview.5.25277.114\Microsoft.Common.CurrentVersion.targets(5382,5): warning MSB3026: Could not copy "E:\5TB Drive backup\Announcement Bot Core\obj\Release\net10.0\apphost.exe" to "bin\Release\net10.0\Announcement Bot Core.exe". Beginning retry 7 in 1000ms. The process cannot access the file 'E:\5TB Drive backup\Announcement Bot Core\bin\Release\net10.0\Announcement Bot Core.exe' because it is being used by another process. The file is locked by: "Announcement Bot Core (20072)" [E:\5TB Drive backup\Announcement Bot Core\Announcement Bot Core.csproj]
C:\Program Files\dotnet\sdk\10.0.100-preview.5.25277.114\Microsoft.Common.CurrentVersion.targets(5382,5): warning MSB3026: Could not copy "E:\5TB Drive backup\Announcement Bot Core\obj\Release\net10.0\apphost.exe" to "bin\Release\net10.0\Announcement Bot Core.exe". Beginning retry 8 in 1000ms. The process cannot access the file 'E:\5TB Drive backup\Announcement Bot Core\bin\Release\net10.0\Announcement Bot Core.exe' because it is being used by another process. The file is locked by: "Announcement Bot Core (20072)" [E:\5TB Drive backup\Announcement Bot Core\Announcement Bot Core.csproj]
C:\Program Files\dotnet\sdk\10.0.100-preview.5.25277.114\Microsoft.Common.CurrentVersion.targets(5382,5): warning MSB3026: Could not copy "E:\5TB Drive backup\Announcement Bot Core\obj\Release\net10.0\apphost.exe" to "bin\Release\net10.0\Announcement Bot Core.exe". Beginning retry 9 in 1000ms. The process cannot access the file 'E:\5TB Drive backup\Announcement Bot Core\bin\Release\net10.0\Announcement Bot Core.exe' because it is being used by another process. The file is locked by: "Announcement Bot Core (20072)" [E:\5TB Drive backup\Announcement Bot Core\Announcement Bot Core.csproj]
C:\Program Files\dotnet\sdk\10.0.100-preview.5.25277.114\Microsoft.Common.CurrentVersion.targets(5382,5): warning MSB3026: Could not copy "E:\5TB Drive backup\Announcement Bot Core\obj\Release\net10.0\apphost.exe" to "bin\Release\net10.0\Announcement Bot Core.exe". Beginning retry 10 in 1000ms. The process cannot access the file 'E:\5TB Drive backup\Announcement Bot Core\bin\Release\net10.0\Announcement Bot Core.exe' because it is being used by another process. The file is locked by: "Announcement Bot Core (20072)" [E:\5TB Drive backup\Announcement Bot Core\Announcement Bot Core.csproj]
C:\Program Files\dotnet\sdk\10.0.100-preview.5.25277.114\Microsoft.Common.CurrentVersion.targets(5382,5): error MSB3027: Could not copy "E:\5TB Drive backup\Announcement Bot Core\obj\Release\net10.0\apphost.exe" to "bin\Release\net10.0\Announcement Bot Core.exe". Exceeded retry count of 10. Failed. The file is locked by: "Announcement Bot Core (20072)" [E:\5TB Drive backup\Announcement Bot Core\Announcement Bot Core.csproj]
C:\Program Files\dotnet\sdk\10.0.100-preview.5.25277.114\Microsoft.Common.CurrentVersion.targets(5382,5): error MSB3021: Unable to copy file "E:\5TB Drive backup\Announcement Bot Core\obj\Release\net10.0\apphost.exe" to "bin\Release\net10.0\Announcement Bot Core.exe". The process cannot access the file 'E:\5TB Drive backup\Announcement Bot Core\bin\Release\net10.0\Announcement Bot Core.exe' because it is being used by another process. [E:\5TB Drive backup\Announcement Bot Core\Announcement Bot Core.csproj]

Build FAILED.

E:\5TB Drive backup\Announcement Bot Core\Announcement Bot Core.csproj : warning NU1510: PackageReference System.Diagnostics.DiagnosticSource will not be pruned. Consider removing this package from your dependencies, as it is likely unnecessary. [E:\5TB Drive backup\Announcement Bot Core\Announcement Bot Core.sln]
E:\5TB Drive backup\Announcement Bot Core\Announcement Bot Core.csproj : warning NU1510: PackageReference System.Runtime.CompilerServices.Unsafe will not be pruned. Consider removing this package from your dependencies, as it is likely unnecessary. [E:\5TB Drive backup\Announcement Bot Core\Announcement Bot Core.sln]
E:\5TB Drive backup\Announcement Bot Core\Announcement Bot Core.csproj : warning NU1510: PackageReference System.Runtime.InteropServices will not be pruned. Consider removing this package from your dependencies, as it is likely unnecessary. [E:\5TB Drive backup\Announcement Bot Core\Announcement Bot Core.sln]
E:\5TB Drive backup\Announcement Bot Core\Announcement Bot Core.csproj : warning NU1510: PackageReference System.Runtime.InteropServices.RuntimeInformation will not be pruned. Consider removing this package from your dependencies, as it is likely unnecessary. [E:\5TB Drive backup\Announcement Bot Core\Announcement Bot Core.sln]
E:\5TB Drive backup\Announcement Bot Core\Announcement Bot Core.csproj : warning NU1701: Package 'Microsoft.Bcl 1.0.16-rc' was restored using '.NETFramework,Version=v4.6.1, .NETFramework,Version=v4.6.2, .NETFramework,Version=v4.7, .NETFramework,Version=v4.7.1, .NETFramework,Version=v4.7.2, .NETFramework,Version=v4.8, .NETFramework,Version=v4.8.1' instead of the project target framework 'net10.0'. This package may not be fully compatible with your project. [E:\5TB Drive backup\Announcement Bot Core\Announcement Bot Core.sln]
E:\5TB Drive backup\Announcement Bot Core\Announcement Bot Core.csproj : warning NU1701: Package 'Microsoft.Net.Http 2.1.3-beta' was restored using '.NETFramework,Version=v4.6.1, .NETFramework,Version=v4.6.2, .NETFramework,Version=v4.7, .NETFramework,Version=v4.7.1, .NETFramework,Version=v4.7.2, .NETFramework,Version=v4.8, .NETFramework,Version=v4.8.1' instead of the project target framework 'net10.0'. This package may not be fully compatible with your project. [E:\5TB Drive backup\Announcement Bot Core\Announcement Bot Core.sln]
E:\5TB Drive backup\Announcement Bot Core\Announcement Bot Core.csproj : warning NU1701: Package 'Unirest-Net 1.0.0-beta' was restored using '.NETFramework,Version=v4.6.1, .NETFramework,Version=v4.6.2, .NETFramework,Version=v4.7, .NETFramework,Version=v4.7.1, .NETFramework,Version=v4.7.2, .NETFramework,Version=v4.8, .NETFramework,Version=v4.8.1' instead of the project target framework 'net10.0'. This package may not be fully compatible with your project. [E:\5TB Drive backup\Announcement Bot Core\Announcement Bot Core.sln]
E:\5TB Drive backup\Announcement Bot Core\Announcement Bot Core.csproj : warning NU1510: PackageReference System.Diagnostics.DiagnosticSource will not be pruned. Consider removing this package from your dependencies, as it is likely unnecessary.
E:\5TB Drive backup\Announcement Bot Core\Announcement Bot Core.csproj : warning NU1510: PackageReference System.Runtime.CompilerServices.Unsafe will not be pruned. Consider removing this package from your dependencies, as it is likely unnecessary.
E:\5TB Drive backup\Announcement Bot Core\Announcement Bot Core.csproj : warning NU1510: PackageReference System.Runtime.InteropServices will not be pruned. Consider removing this package from your dependencies, as it is likely unnecessary.
E:\5TB Drive backup\Announcement Bot Core\Announcement Bot Core.csproj : warning NU1510: PackageReference System.Runtime.InteropServices.RuntimeInformation will not be pruned. Consider removing this package from your dependencies, as it is likely unnecessary.
E:\5TB Drive backup\Announcement Bot Core\Announcement Bot Core.csproj : warning NU1701: Package 'Microsoft.Bcl 1.0.16-rc' was restored using '.NETFramework,Version=v4.6.1, .NETFramework,Version=v4.6.2, .NETFramework,Version=v4.7, .NETFramework,Version=v4.7.1, .NETFramework,Version=v4.7.2, .NETFramework,Version=v4.8, .NETFramework,Version=v4.8.1' instead of the project target framework 'net10.0'. This package may not be fully compatible with your project.
E:\5TB Drive backup\Announcement Bot Core\Announcement Bot Core.csproj : warning NU1701: Package 'Microsoft.Net.Http 2.1.3-beta' was restored using '.NETFramework,Version=v4.6.1, .NETFramework,Version=v4.6.2, .NETFramework,Version=v4.7, .NETFramework,Version=v4.7.1, .NETFramework,Version=v4.7.2, .NETFramework,Version=v4.8, .NETFramework,Version=v4.8.1' instead of the project target framework 'net10.0'. This package may not be fully compatible with your project.
E:\5TB Drive backup\Announcement Bot Core\Announcement Bot Core.csproj : warning NU1701: Package 'Unirest-Net 1.0.0-beta' was restored using '.NETFramework,Version=v4.6.1, .NETFramework,Version=v4.6.2, .NETFramework,Version=v4.7, .NETFramework,Version=v4.7.1, .NETFramework,Version=v4.7.2, .NETFramework,Version=v4.8, .NETFramework,Version=v4.8.1' instead of the project target framework 'net10.0'. This package may not be fully compatible with your project.
E:\5TB Drive backup\Announcement Bot Core\UndocumentedCommands.cs(139,33): warning CS8602: Dereference of a possibly null reference. [E:\5TB Drive backup\Announcement Bot Core\Announcement Bot Core.csproj]
E:\5TB Drive backup\Announcement Bot Core\UndocumentedCommands.cs(168,35): warning CS8600: Converting null literal or possible null value to non-nullable type. [E:\5TB Drive backup\Announcement Bot Core\Announcement Bot Core.csproj]
E:\5TB Drive backup\Announcement Bot Core\UndocumentedCommands.cs(117,20): warning CS0168: The variable 'buildCmd' is declared but never used [E:\5TB Drive backup\Announcement Bot Core\Announcement Bot Core.csproj]
C:\Program Files\dotnet\sdk\10.0.100-preview.5.25277.114\Microsoft.Common.CurrentVersion.targets(5382,5): warning MSB3026: Could not copy "E:\5TB Drive backup\Announcement Bot Core\obj\Release\net10.0\apphost.exe" to "bin\Release\net10.0\Announcement Bot Core.exe". Beginning retry 1 in 1000ms. The process cannot access the file 'E:\5TB Drive backup\Announcement Bot Core\bin\Release\net10.0\Announcement Bot Core.exe' because it is being used by another process. The file is locked by: "Announcement Bot Core (20072)" [E:\5TB Drive backup\Announcement Bot Core\Announcement Bot Core.csproj]
C:\Program Files\dotnet\sdk\10.0.100-preview.5.25277.114\Microsoft.Common.CurrentVersion.targets(5382,5): warning MSB3026: Could not copy "E:\5TB Drive backup\Announcement Bot Core\obj\Release\net10.0\apphost.exe" to "bin\Release\net10.0\Announcement Bot Core.exe". Beginning retry 2 in 1000ms. The process cannot access the file 'E:\5TB Drive backup\Announcement Bot Core\bin\Release\net10.0\Announcement Bot Core.exe' because it is being used by another process. The file is locked by: "Announcement Bot Core (20072)" [E:\5TB Drive backup\Announcement Bot Core\Announcement Bot Core.csproj]
C:\Program Files\dotnet\sdk\10.0.100-preview.5.25277.114\Microsoft.Common.CurrentVersion.targets(5382,5): warning MSB3026: Could not copy "E:\5TB Drive backup\Announcement Bot Core\obj\Release\net10.0\apphost.exe" to "bin\Release\net10.0\Announcement Bot Core.exe". Beginning retry 3 in 1000ms. The process cannot access the file 'E:\5TB Drive backup\Announcement Bot Core\bin\Release\net10.0\Announcement Bot Core.exe' because it is being used by another process. The file is locked by: "Announcement Bot Core (20072)" [E:\5TB Drive backup\Announcement Bot Core\Announcement Bot Core.csproj]
C:\Program Files\dotnet\sdk\10.0.100-preview.5.25277.114\Microsoft.Common.CurrentVersion.targets(5382,5): warning MSB3026: Could not copy "E:\5TB Drive backup\Announcement Bot Core\obj\Release\net10.0\apphost.exe" to "bin\Release\net10.0\Announcement Bot Core.exe". Beginning retry 4 in 1000ms. The process cannot access the file 'E:\5TB Drive backup\Announcement Bot Core\bin\Release\net10.0\Announcement Bot Core.exe' because it is being used by another process. The file is locked by: "Announcement Bot Core (20072)" [E:\5TB Drive backup\Announcement Bot Core\Announcement Bot Core.csproj]
C:\Program Files\dotnet\sdk\10.0.100-preview.5.25277.114\Microsoft.Common.CurrentVersion.targets(5382,5): warning MSB3026: Could not copy "E:\5TB Drive backup\Announcement Bot Core\obj\Release\net10.0\apphost.exe" to "bin\Release\net10.0\Announcement Bot Core.exe". Beginning retry 5 in 1000ms. The process cannot access the file 'E:\5TB Drive backup\Announcement Bot Core\bin\Release\net10.0\Announcement Bot Core.exe' because it is being used by another process. The file is locked by: "Announcement Bot Core (20072)" [E:\5TB Drive backup\Announcement Bot Core\Announcement Bot Core.csproj]
C:\Program Files\dotnet\sdk\10.0.100-preview.5.25277.114\Microsoft.Common.CurrentVersion.targets(5382,5): warning MSB3026: Could not copy "E:\5TB Drive backup\Announcement Bot Core\obj\Release\net10.0\apphost.exe" to "bin\Release\net10.0\Announcement Bot Core.exe". Beginning retry 6 in 1000ms. The process cannot access the file 'E:\5TB Drive backup\Announcement Bot Core\bin\Release\net10.0\Announcement Bot Core.exe' because it is being used by another process. The file is locked by: "Announcement Bot Core (20072)" [E:\5TB Drive backup\Announcement Bot Core\Announcement Bot Core.csproj]
C:\Program Files\dotnet\sdk\10.0.100-preview.5.25277.114\Microsoft.Common.CurrentVersion.targets(5382,5): warning MSB3026: Could not copy "E:\5TB Drive backup\Announcement Bot Core\obj\Release\net10.0\apphost.exe" to "bin\Release\net10.0\Announcement Bot Core.exe". Beginning retry 7 in 1000ms. The process cannot access the file 'E:\5TB Drive backup\Announcement Bot Core\bin\Release\net10.0\Announcement Bot Core.exe' because it is being used by another process. The file is locked by: "Announcement Bot Core (20072)" [E:\5TB Drive backup\Announcement Bot Core\Announcement Bot Core.csproj]
C:\Program Files\dotnet\sdk\10.0.100-preview.5.25277.114\Microsoft.Common.CurrentVersion.targets(5382,5): warning MSB3026: Could not copy "E:\5TB Drive backup\Announcement Bot Core\obj\Release\net10.0\apphost.exe" to "bin\Release\net10.0\Announcement Bot Core.exe". Beginning retry 8 in 1000ms. The process cannot access the file 'E:\5TB Drive backup\Announcement Bot Core\bin\Release\net10.0\Announcement Bot Core.exe' because it is being used by another process. The file is locked by: "Announcement Bot Core (20072)" [E:\5TB Drive backup\Announcement Bot Core\Announcement Bot Core.csproj]
C:\Program Files\dotnet\sdk\10.0.100-preview.5.25277.114\Microsoft.Common.CurrentVersion.targets(5382,5): warning MSB3026: Could not copy "E:\5TB Drive backup\Announcement Bot Core\obj\Release\net10.0\apphost.exe" to "bin\Release\net10.0\Announcement Bot Core.exe". Beginning retry 9 in 1000ms. The process cannot access the file 'E:\5TB Drive backup\Announcement Bot Core\bin\Release\net10.0\Announcement Bot Core.exe' because it is being used by another process. The file is locked by: "Announcement Bot Core (20072)" [E:\5TB Drive backup\Announcement Bot Core\Announcement Bot Core.csproj]
C:\Program Files\dotnet\sdk\10.0.100-preview.5.25277.114\Microsoft.Common.CurrentVersion.targets(5382,5): warning MSB3026: Could not copy "E:\5TB Drive backup\Announcement Bot Core\obj\Release\net10.0\apphost.exe" to "bin\Release\net10.0\Announcement Bot Core.exe". Beginning retry 10 in 1000ms. The process cannot access the file 'E:\5TB Drive backup\Announcement Bot Core\bin\Release\net10.0\Announcement Bot Core.exe' because it is being used by another process. The file is locked by: "Announcement Bot Core (20072)" [E:\5TB Drive backup\Announcement Bot Core\Announcement Bot Core.csproj]
C:\Program Files\dotnet\sdk\10.0.100-preview.5.25277.114\Microsoft.Common.CurrentVersion.targets(5382,5): error MSB3027: Could not copy "E:\5TB Drive backup\Announcement Bot Core\obj\Release\net10.0\apphost.exe" to "bin\Release\net10.0\Announcement Bot Core.exe". Exceeded retry count of 10. Failed. The file is locked by: "Announcement Bot Core (20072)" [E:\5TB Drive backup\Announcement Bot Core\Announcement Bot Core.csproj]
C:\Program Files\dotnet\sdk\10.0.100-preview.5.25277.114\Microsoft.Common.CurrentVersion.targets(5382,5): error MSB3021: Unable to copy file "E:\5TB Drive backup\Announcement Bot Core\obj\Release\net10.0\apphost.exe" to "bin\Release\net10.0\Announcement Bot Core.exe". The process cannot access the file 'E:\5TB Drive backup\Announcement Bot Core\bin\Release\net10.0\Announcement Bot Core.exe' because it is being used by another process. [E:\5TB Drive backup\Announcement Bot Core\Announcement Bot Core.csproj]
    27 Warning(s)
    2 Error(s)

Time Elapsed 00:00:14.21

